[americanseries.netlify.app/index.html]
[americanseries.netlify.app/img/logo_ventana.png]
[backblue.gif]
[fade.gif]
[index.html]
[americanseries.netlify.app/americanseries.com/wp-includes/css/dist/block-library/style.min.css]
[americanseries.netlify.app/colocar enlaces aqui/comments/feed/index.html]
[americanseries.netlify.app/colocar enlaces aqui/feed/index.html]
[americanseries.netlify.app/americanseries.com/wp-content/plugins/christmasify/public/css/cf-christmasification-public.css]
[americanseries.netlify.app/americanseries.com/wp-content/plugins/cookie-notice/css/front.min.css]
[americanseries.netlify.app/americanseries.com/wp-content/themes/dooplay/assets/css/front.owl.css]
[americanseries.netlify.app/americanseries.com/wp-content/themes/dooplay/assets/css/front.icons.css]
[americanseries.netlify.app/americanseries.com/wp-content/themes/dooplay/assets/css/front.crollbar.6.delayed]
[americanseries.netlify.app/americanseries.com/wp-content/themes/dooplay/assets/css/front.style.css]
[americanseries.netlify.app/americanseries.com/wp-content/themes/dooplay/assets/css/colors.dark.css]
[americanseries.netlify.app/americanseries.com/wp-content/themes/dooplay/assets/css/front.mobile.css]
[americanseries.netlify.app/americanseries.com/wp-content/themes/dooplay-child/style.css]
[americanseries.netlify.app/americanseries.com/wp-includes/js/jquery/jquery.js]
[americanseries.netlify.app/americanseries.com/wp-includes/js/jquery/jquery-migrate.min.js]
[americanseries.netlify.app/americanseries.com/wp-content/plugins/christmasify/public/js/cf-christmasification-public.js]
[americanseries.netlify.app/americanseries.com/wp-content/plugins/cookie-notice/js/front.min.js]
[americanseries.netlify.app/americanseries.com/wp-content/themes/dooplay/assets/js/lib/mcsbscrollbar.js]
[americanseries.netlify.app/americanseries.com/wp-content/themes/dooplay/assets/js/lib/owlcarousel.js]
[americanseries.netlify.app/americanseries.com/wp-content/themes/dooplay/assets/js/lib/idtabs.js]
[americanseries.netlify.app/americanseries.com/wp-content/themes/dooplay/assets/js/lib/isrepeater.js]
[americanseries.netlify.app/americanseries.com/wp-content/themes/dooplay/assets/js/min/front.ajax.js]
[americanseries.netlify.app/colocar enlaces aqui/xmlrpc.140db0.delayed]
[americanseries.netlify.app/americanseries.com/wp-json/index.html]
[americanseries.netlify.app/americanseries.com/wp-includes/wlwmanifest.15.delayed]
[americanseries.netlify.app/colocar enlaces aqui/index.html]
[americanseries.netlify.app/img/bojack.jpg]
[image.tmdb.org/t/p/original/xzaRekUnw8SNodDFEWzVlbFkBxU.jpg]
[image.tmdb.org/t/p/original/uxzX6z22hj4oOSrRS8eg9cFfOB1.jpg]
[image.tmdb.org/t/p/original/371C5XVl0D0CQgjQLnKkqrFTI4s.jpg]
[americanseries.netlify.app/img/godzilla.jpg]
[image.tmdb.org/t/p/original/pBjxvQfbngVn1T8nyRNiFSfLBmV.jpg]
[image.tmdb.org/t/p/original/lGIkv9fQ3i7yVcJXDvG0Vry00LI.jpg]
[image.tmdb.org/t/p/original/obrDHxgyGcrbCpKbfsqOICeYy7S.jpg]
[image.tmdb.org/t/p/original/4VkGlhGHUzZjnkoYNasW0qhoP3R.jpg]
[image.tmdb.org/t/p/original/l0gf42tTo2TnSunGHQI6fSbYW7I.jpg]
[americanseries.netlify.app/colocar enlaces aqui/peliculas/bestia-2022-latino-dual-/index.html]
[image.tmdb.org/t/p/original/nJOIuWZdN5byYXWYDO1uX4w3FO2.jpg]
[image.tmdb.org/t/p/original/gPwXtxnEgppVaMsrpPNajw1K7LH.jpg]
[image.tmdb.org/t/p/original/zJcjdAJEfTjFbMXiQmHzDilKS1M.jpg]
[image.tmdb.org/t/p/original/5Q2pHzDfJ8QlUA2vx2yAXWJkof7.jpg]
[americanseries.netlify.app/colocar enlaces aqui/peliculas/una-loca-competencia-2007-latino-dual-/index.html]
[image.tmdb.org/t/p/original/g3wRjKk9IhztDnvc8e94Kw8tLBK.jpg]
[image.tmdb.org/t/p/original/6o6ar04HHNgDZ9y4DkKPxT0F6M9.jpg]
[image.tmdb.org/t/p/original/W8QUPhiBOCdj2urJDzc2D9xdQb.jpg]
[image.tmdb.org/t/p/original/wHA9cysdFmGDfIvu9iEpu19w9GK.jpg]
[americanseries.netlify.app/colocar enlaces aqui/peliculas/thor-amor-y-trueno-2022-latino-dual-/index.html]
[image.tmdb.org/t/p/original/AlWpEpQq0RgZIXVHAHZtFhEvRgd.jpg]
[image.tmdb.org/t/p/original/dXL2iC7WXUqzRQmDJ3NfzQUisni.jpg]
[image.tmdb.org/t/p/original/4N55tgxDW0RRATyrZHbx0q9HUKv.jpg]
[image.tmdb.org/t/p/original/4pCSBPHUPia93rppHF3UX4cLQ9M.jpg]
[americanseries.netlify.app/colocar enlaces aqui/peliculas/la-niebla-2007-latino-dual-/index.html]
[image.tmdb.org/t/p/original/49ldE9yPMkYCrTLEpdhJgqlQXYK.jpg]
[image.tmdb.org/t/p/original/rU0VVh8bOD35VIYYo77f0pOce80.jpg]
[americanseries.netlify.app/colocar enlaces aqui/peliculas/veneciafrenia-2022-latino-dual-/index.html]
[americanseries.netlify.app/colocar enlaces aqui/peliculas/dbs-super-hero-2022-latino-dual-/index.html]
[americanseries.netlify.app/colocar enlaces aqui/peliculas/nemesis-2022-latino-dual-/index.html]
[americanseries.netlify.app/colocar enlaces aqui/peliculas/venganza-en-la-prision-2015-latino-dual-/index.html]
[americanseries.netlify.app/colocar enlaces aqui/peliculas/pandorum-terror-en-el-espacio-2009-latino-dual-/index.html]
[americanseries.netlify.app/colocar enlaces aqui/peliculas/fullmetal-alchemist-la-venganza-de-cicatriz-2022-latino-dual-/index.html]
[image.tmdb.org/t/p/original/bPIm1SXYp5RQ3c4wP91JQRewIb8.jpg]
[americanseries.netlify.app/colocar enlaces aqui/peliculas/top-gun-pasion-y-gloria-1986-latino-dual-/index.html]
[americanseries.netlify.app/colocar enlaces aqui/peliculas/el-exorcismo-de-dios-2022-latino-dual-/index.html]
[americanseries.netlify.app/colocar enlaces aqui/peliculas/top-gun-maverick-2022-latino-dual-/index.html]
[americanseries.netlify.app/colocar enlaces aqui/peliculas/dc-liga-de-supermascotas-2022-latino-dual-/index.html]
[image.tmdb.org/t/p/original/nS41LN1m2HYvVotvgOTcbPW2cjL.jpg]
[americanseries.netlify.app/colocar enlaces aqui/peliculas/parasitos-2019-latino-dual-/index.html]
[americanseries.netlify.app/colocar enlaces aqui/peliculas/x-2022-latino-dual-/index.html]
[americanseries.netlify.app/colocar enlaces aqui/peliculas/depredador-la-presa-2022-latino-dual-/index.html]
[americanseries.netlify.app/colocar enlaces aqui/peliculas/todo-en-todas-partes-al-mismo-tiempo-2022-latino-dual-/index.html]
[image.tmdb.org/t/p/original/A4jt7Gqa7dRT2ZIo3hNHc4esw3d.jpg]
[americanseries.netlify.app/colocar enlaces aqui/peliculas/lightyear-2022-latino-dual-/index.html]
[americanseries.netlify.app/colocar enlaces aqui/peliculas/linterna-verde-teman-a-mi-poder-latino-dual-/index.html]
[image.tmdb.org/t/p/original/zBk0guZ6NI2aHclb4sbrQdrrnOC.jpg]
[americanseries.netlify.app/colocar enlaces aqui/peliculas/red-2022-latino-dual-/index.html]
[americanseries.netlify.app/colocar enlaces aqui/peliculas/minions-nace-un-villano-2022-latino-dual-/index.html]
[image.tmdb.org/t/p/original/u44wS8ZkMub5t5NVWBgM9xmCj6T.jpg]
[image.tmdb.org/t/p/original/gE2yLl3uhdSLla9urAR7HoYL3Yo.jpg]
[americanseries.netlify.app/colocar enlaces aqui/peliculas/el-hombre-gris-2022-latino-dual-/index.html]
[americanseries.netlify.app/colocar enlaces aqui/peliculas/maleficio-2022-latino-dual-ingles-/index.html]
[i0.wp.com/cinemedios.com/wp-content/uploads/2020/08/disney-plus-anuncio-fecha-llegada-latinoamerica-error85ab.jpg]
[americanseries.netlify.app/img/amazon-prime.png]
[americanseries.netlify.app/img/apple-tv__e7aqjl2rqzau_og.png]
[americanseries.netlify.app/img/crunch.png]
[americanseries.netlify.app/img/hbo.jpg]
[americanseries.netlify.app/img/hulu.jpg]
[s10.histats.com/js15_as.js]
[sstatic1.histats.com/0e9f7.gif]
[americanseries.netlify.app/americanseries.com/wp-content/plugins/add-search-to-menu/public/js/ivory-search.js]
[americanseries.netlify.app/americanseries.com/wp-content/themes/dooplay/assets/js/min/front.scripts.js]
[americanseries.netlify.app/americanseries.com/wp-content/themes/dooplay/assets/js/min/front.livesearch.js]
[americanseries.netlify.app/americanseries.com/wp-includes/js/wp-embed.min.js]
[americanseries.netlify.app/index.html]
[americanseries.netlify.app/colocar enlaces aqui/feed/index.html]
[americanseries.netlify.app/colocar enlaces aqui/comments/feed/index.html]
[americanseries.netlify.app/americanseries.com/wp-includes/css/dist/block-library/style.min.css]
[americanseries.netlify.app/americanseries.com/wp-content/plugins/christmasify/public/img/santa-sleigh-1.gif]
[americanseries.netlify.app/americanseries.com/wp-content/plugins/christmasify/public/img/santa-sleigh-2.gif]
[americanseries.netlify.app/americanseries.com/wp-content/plugins/christmasify/public/img/xmas-frame.png]
[americanseries.netlify.app/americanseries.com/wp-content/plugins/christmasify/public/css/cf-christmasification-public.css]
[americanseries.netlify.app/americanseries.com/wp-content/plugins/cookie-notice/css/front.min.css]
[americanseries.netlify.app/americanseries.com/wp-content/themes/dooplay/assets/css/img/grabbing.png]
[americanseries.netlify.app/americanseries.com/wp-content/themes/dooplay/assets/css/img/AjaxLoader.gif]
[americanseries.netlify.app/americanseries.com/wp-content/themes/dooplay/assets/css/front.owl.css]
[americanseries.netlify.app/americanseries.com/wp-content/themes/dooplay/assets/css/fonts/icomoonee80ee80.eot]
[americanseries.netlify.app/americanseries.com/wp-content/themes/dooplay/assets/css/fonts/icomoonee80ee80.ttf]
[americanseries.netlify.app/americanseries.com/wp-content/themes/dooplay/assets/css/fonts/icomoonee80ee80.woff]
[americanseries.netlify.app/americanseries.com/wp-content/themes/dooplay/assets/css/fonts/icomoonee80ee80.svg]
[americanseries.netlify.app/americanseries.com/wp-content/themes/dooplay/assets/css/fonts/dooplay04440444.eot]
[americanseries.netlify.app/americanseries.com/wp-content/themes/dooplay/assets/css/fonts/dooplay04440444.ttf]
[americanseries.netlify.app/americanseries.com/wp-content/themes/dooplay/assets/css/fonts/dooplay04440444.woff]
[americanseries.netlify.app/americanseries.com/wp-content/themes/dooplay/assets/css/fonts/dooplay04440444.svg]
[americanseries.netlify.app/americanseries.com/wp-content/themes/dooplay/assets/css/front.icons.css]
[americanseries.netlify.app/americanseries.com/wp-content/themes/dooplay/assets/css/front.crollbar.html]
[americanseries.netlify.app/americanseries.com/wp-content/themes/dooplay/assets/css/img/play.png]
[americanseries.netlify.app/americanseries.com/wp-content/themes/dooplay/assets/css/front.style.css]
[americanseries.netlify.app/americanseries.com/wp-content/themes/dooplay/assets/css/colors.dark.css]
[americanseries.netlify.app/americanseries.com/wp-content/themes/dooplay/assets/css/front.mobile.css]
[americanseries.netlify.app/americanseries.com/wp-content/themes/dooplay-child/style.css]
[americanseries.netlify.app/americanseries.com/wp-json/index.html]
[americanseries.netlify.app/colocar enlaces aqui/xmlrpc0db0.html]
[americanseries.netlify.app/americanseries.com/wp-includes/wlwmanifest.html]
[americanseries.netlify.app/colocar enlaces aqui/index.html]
[americanseries.netlify.app/colocar enlaces aqui/peliculas/bestia-2022-latino-dual-/index.html]
[americanseries.netlify.app/colocar enlaces aqui/peliculas/una-loca-competencia-2007-latino-dual-/index.html]
[americanseries.netlify.app/colocar enlaces aqui/peliculas/thor-amor-y-trueno-2022-latino-dual-/index.html]
[americanseries.netlify.app/colocar enlaces aqui/peliculas/la-niebla-2007-latino-dual-/index.html]
[americanseries.netlify.app/colocar enlaces aqui/peliculas/veneciafrenia-2022-latino-dual-/index.html]
[americanseries.netlify.app/colocar enlaces aqui/peliculas/dbs-super-hero-2022-latino-dual-/index.html]
[americanseries.netlify.app/colocar enlaces aqui/peliculas/nemesis-2022-latino-dual-/index.html]
[americanseries.netlify.app/colocar enlaces aqui/peliculas/venganza-en-la-prision-2015-latino-dual-/index.html]
[americanseries.netlify.app/colocar enlaces aqui/peliculas/pandorum-terror-en-el-espacio-2009-latino-dual-/index.html]
[americanseries.netlify.app/colocar enlaces aqui/peliculas/fullmetal-alchemist-la-venganza-de-cicatriz-2022-latino-dual-/index.html]
[americanseries.netlify.app/colocar enlaces aqui/peliculas/top-gun-pasion-y-gloria-1986-latino-dual-/index.html]
[americanseries.netlify.app/colocar enlaces aqui/peliculas/el-exorcismo-de-dios-2022-latino-dual-/index.html]
[americanseries.netlify.app/colocar enlaces aqui/peliculas/top-gun-maverick-2022-latino-dual-/index.html]
[americanseries.netlify.app/colocar enlaces aqui/peliculas/dc-liga-de-supermascotas-2022-latino-dual-/index.html]
[americanseries.netlify.app/colocar enlaces aqui/peliculas/parasitos-2019-latino-dual-/index.html]
[americanseries.netlify.app/colocar enlaces aqui/peliculas/x-2022-latino-dual-/index.html]
[americanseries.netlify.app/colocar enlaces aqui/peliculas/depredador-la-presa-2022-latino-dual-/index.html]
[americanseries.netlify.app/colocar enlaces aqui/peliculas/todo-en-todas-partes-al-mismo-tiempo-2022-latino-dual-/index.html]
[americanseries.netlify.app/colocar enlaces aqui/peliculas/lightyear-2022-latino-dual-/index.html]
[americanseries.netlify.app/colocar enlaces aqui/peliculas/linterna-verde-teman-a-mi-poder-latino-dual-/index.html]
[americanseries.netlify.app/colocar enlaces aqui/peliculas/red-2022-latino-dual-/index.html]
[americanseries.netlify.app/colocar enlaces aqui/peliculas/minions-nace-un-villano-2022-latino-dual-/index.html]
[americanseries.netlify.app/colocar enlaces aqui/peliculas/el-hombre-gris-2022-latino-dual-/index.html]
[americanseries.netlify.app/colocar enlaces aqui/peliculas/maleficio-2022-latino-dual-ingles-/index.html]
[americanseries.netlify.app/americanseries.com/wp-content/themes/dooplay/assets/css/fonts/icomoonee80ee80.svg]
[americanseries.netlify.app/americanseries.com/wp-content/themes/dooplay/assets/css/fonts/dooplay04440444.svg]
